// Vitest Snapshot v1, https://vitest.dev/guide/snapshot.html

exports[`getMatch 1`] = `
{
  "date": 1535888100000,
  "demos": [
    {
      "link": "/download/demo/43030",
      "name": "GOTV Demo",
    },
    {
      "link": "https://player.twitch.tv/?video=v304885542&autoplay=true&t=3h6m9s&parent=www.hltv.org",
      "name": "DreamHack (Pre-Match Analysis)",
    },
    {
      "link": "https://player.twitch.tv/?video=v304885542&autoplay=true&t=3h28m35s&parent=www.hltv.org",
      "name": "DreamHack (Map 1 - Dust 2)",
    },
    {
      "link": "https://player.twitch.tv/?video=v304885542&autoplay=true&t=4h17m45s&parent=www.hltv.org",
      "name": "DreamHack (Map 2 - Inferno)",
    },
    {
      "link": "https://player.twitch.tv/?video=v304885542&autoplay=true&t=5h34m10s&parent=www.hltv.org",
      "name": "DreamHack (Map 3 - Mirage)",
    },
    {
      "link": "https://player.twitch.tv/?video=v304885542&autoplay=true&t=6h23m45s&parent=www.hltv.org",
      "name": "DreamHack (Winning Moment)",
    },
    {
      "link": "https://player.twitch.tv/?video=v304885542&autoplay=true&t=6h26m32s&parent=www.hltv.org",
      "name": "DreamHack (Post-Match Analysis)",
    },
  ],
  "event": {
    "id": 3389,
    "name": "DreamHack Masters Stockholm 2018",
  },
  "format": {
    "location": undefined,
    "type": "bo3",
  },
  "hasScorebot": false,
  "headToHead": [
    {
      "date": 1527526761000,
      "event": {
        "id": 3666,
        "name": "StarSeries i-League Season 5",
      },
      "map": "trn",
      "result": "16 - 12",
      "winner": {
        "id": 4494,
        "name": "MOUZ",
      },
    },
    {
      "date": 1527526761000,
      "event": {
        "id": 3666,
        "name": "StarSeries i-League Season 5",
      },
      "map": "mrg",
      "result": "7 - 16",
      "winner": {
        "id": 7533,
        "name": "North",
      },
    },
    {
      "date": 1527526761000,
      "event": {
        "id": 3666,
        "name": "StarSeries i-League Season 5",
      },
      "map": "d2",
      "result": "19 - 16",
      "winner": {
        "id": 4494,
        "name": "MOUZ",
      },
    },
    {
      "date": 1520359509000,
      "event": {
        "id": 3361,
        "name": "ESL Pro League Season 7 Europe",
      },
      "map": "trn",
      "result": "13 - 16",
      "winner": {
        "id": 7533,
        "name": "North",
      },
    },
    {
      "date": 1520355703000,
      "event": {
        "id": 3361,
        "name": "ESL Pro League Season 7 Europe",
      },
      "map": "inf",
      "result": "16 - 8",
      "winner": {
        "id": 4494,
        "name": "MOUZ",
      },
    },
    {
      "date": 1506461343000,
      "event": {
        "id": 2866,
        "name": "ESL Pro League Season 6 Europe",
      },
      "map": "mrg",
      "result": "14 - 16",
      "winner": {
        "id": 7533,
        "name": "North",
      },
    },
    {
      "date": 1506457458000,
      "event": {
        "id": 2866,
        "name": "ESL Pro League Season 6 Europe",
      },
      "map": "cbl",
      "result": "12 - 16",
      "winner": {
        "id": 7533,
        "name": "North",
      },
    },
  ],
  "highlightedPlayers": undefined,
  "highlights": [
    {
      "link": "https://clips.twitch.tv/embed?clip=AgreeableEagerGerbilBatChest&autoplay=true&parent=www.hltv.org",
      "title": "suNny triple entry frag (Dust2)",
    },
    {
      "link": "https://clips.twitch.tv/embed?clip=AgitatedEncouragingClipsdadCurseLit&autoplay=true&parent=www.hltv.org",
      "title": "Snax 1v2 clutch (Dust2) ",
    },
    {
      "link": "https://clips.twitch.tv/embed?clip=RoundTawdryHamsterWTRuck&autoplay=true&parent=www.hltv.org",
      "title": "chrisJ 1v2 clutch (Dust2)",
    },
    {
      "link": "https://clips.twitch.tv/embed?clip=CuteSpicyMonitorWow&autoplay=true&parent=www.hltv.org",
      "title": "MSL triple kill hold (Inferno)",
    },
    {
      "link": "https://clips.twitch.tv/embed?clip=PiercingExuberantDunlinLitFam&autoplay=true&parent=www.hltv.org",
      "title": "niko defends the with a 3k (Inferno)",
    },
    {
      "link": "https://clips.twitch.tv/embed?clip=ClearExpensiveQueleaKreygasm&autoplay=true&parent=www.hltv.org",
      "title": "MSL snipes down three on the defense (Inferno)",
    },
    {
      "link": "https://clips.twitch.tv/embed?clip=SquareSmellyZucchiniPRChase&autoplay=true&parent=www.hltv.org",
      "title": "suNny taps down three in the second pistol round (Inferno)",
    },
    {
      "link": "https://clips.twitch.tv/embed?clip=FancyInventiveBaboonNomNom&autoplay=true&parent=www.hltv.org",
      "title": "valde takes down three to steal the round (Inferno)",
    },
    {
      "link": "https://clips.twitch.tv/embed?clip=ObeseMistyKangarooOMGScoots&autoplay=true&parent=www.hltv.org",
      "title": "oskar snipes down three to keep mouz alive (Infeno)",
    },
    {
      "link": "https://clips.twitch.tv/embed?clip=CalmSneakySquidEagleEye&autoplay=true&parent=www.hltv.org",
      "title": "niko 3k to steal the map (Inferno)",
    },
    {
      "link": "https://clips.twitch.tv/embed?clip=HomelyOnerousBeaverGivePLZ&autoplay=true&parent=www.hltv.org",
      "title": "aizy triple kill hold (Mirage)",
    },
    {
      "link": "https://clips.twitch.tv/embed?clip=AnnoyingAbstemiousWebSmoocherZ&autoplay=true&parent=www.hltv.org",
      "title": "Kjaerbye quick double to steal the round (Mirage)",
    },
    {
      "link": "https://clips.twitch.tv/embed?clip=FancyCulturedDolphinYouDontSay&autoplay=true&parent=www.hltv.org",
      "title": "MSL triple kill hold to earn map point (Mirage)",
    },
  ],
  "id": 2325765,
  "maps": [
    {
      "name": "de_dust2",
      "result": {
        "halfResults": [
          {
            "team1Rounds": 15,
            "team2Rounds": 0,
          },
          {
            "team1Rounds": 1,
            "team2Rounds": 0,
          },
        ],
        "team1TotalRounds": 16,
        "team2TotalRounds": 0,
      },
      "statsId": 73147,
    },
    {
      "name": "de_inferno",
      "result": {
        "halfResults": [
          {
            "team1Rounds": 5,
            "team2Rounds": 10,
          },
          {
            "team1Rounds": 9,
            "team2Rounds": 6,
          },
        ],
        "team1TotalRounds": 14,
        "team2TotalRounds": 16,
      },
      "statsId": 73164,
    },
    {
      "name": "de_mirage",
      "result": {
        "halfResults": [
          {
            "team1Rounds": 7,
            "team2Rounds": 8,
          },
          {
            "team1Rounds": 5,
            "team2Rounds": 8,
          },
        ],
        "team1TotalRounds": 12,
        "team2TotalRounds": 16,
      },
      "statsId": 73165,
    },
  ],
  "odds": [],
  "playerOfTheMatch": {
    "id": 11816,
    "name": "ropz",
  },
  "players": {
    "team1": [
      {
        "id": 798,
        "name": "oskar",
      },
      {
        "id": 2730,
        "name": "chrisJ",
      },
      {
        "id": 11816,
        "name": "ropz",
      },
      {
        "id": 5479,
        "name": "suNny",
      },
      {
        "id": 2553,
        "name": "Snax",
      },
    ],
    "team2": [
      {
        "id": 7156,
        "name": "MSL",
      },
      {
        "id": 8095,
        "name": "aizy",
      },
      {
        "id": 9031,
        "name": "valde",
      },
      {
        "id": 8394,
        "name": "Kjaerbye",
      },
      {
        "id": 10264,
        "name": "niko",
      },
    ],
  },
  "significance": "Semi-final",
  "statsId": 59400,
  "status": "Over",
  "streams": [
    {
      "link": "https://player.twitch.tv/?video=v304885542&autoplay=true&t=3h6m9s&parent=www.hltv.org",
      "name": "VOD",
      "viewers": -1,
    },
    {
      "link": "https://player.twitch.tv/?video=v304885542&autoplay=true&t=3h28m35s&parent=www.hltv.org",
      "name": "VOD",
      "viewers": -1,
    },
    {
      "link": "https://player.twitch.tv/?video=v304885542&autoplay=true&t=4h17m45s&parent=www.hltv.org",
      "name": "VOD",
      "viewers": -1,
    },
    {
      "link": "https://player.twitch.tv/?video=v304885542&autoplay=true&t=5h34m10s&parent=www.hltv.org",
      "name": "VOD",
      "viewers": -1,
    },
    {
      "link": "https://player.twitch.tv/?video=v304885542&autoplay=true&t=6h23m45s&parent=www.hltv.org",
      "name": "VOD",
      "viewers": -1,
    },
    {
      "link": "https://player.twitch.tv/?video=v304885542&autoplay=true&t=6h26m32s&parent=www.hltv.org",
      "name": "VOD",
      "viewers": -1,
    },
    {
      "link": "https://player.twitch.tv/?video=v304885542&autoplay=true&t=3h6m9s&parent=www.hltv.org",
      "name": "VOD",
      "viewers": -1,
    },
    {
      "link": "https://player.twitch.tv/?video=v304885542&autoplay=true&t=3h28m35s&parent=www.hltv.org",
      "name": "VOD",
      "viewers": -1,
    },
    {
      "link": "https://player.twitch.tv/?video=v304885542&autoplay=true&t=4h17m45s&parent=www.hltv.org",
      "name": "VOD",
      "viewers": -1,
    },
    {
      "link": "https://player.twitch.tv/?video=v304885542&autoplay=true&t=5h34m10s&parent=www.hltv.org",
      "name": "VOD",
      "viewers": -1,
    },
    {
      "link": "https://player.twitch.tv/?video=v304885542&autoplay=true&t=6h23m45s&parent=www.hltv.org",
      "name": "VOD",
      "viewers": -1,
    },
    {
      "link": "https://player.twitch.tv/?video=v304885542&autoplay=true&t=6h26m32s&parent=www.hltv.org",
      "name": "VOD",
      "viewers": -1,
    },
    {
      "link": "https://www.hltv.org/download/demo/43030",
      "name": "GOTV",
      "viewers": -1,
    },
  ],
  "team1": {
    "id": 4494,
    "name": "MOUZ",
    "rank": 5,
  },
  "team2": {
    "id": 7533,
    "name": "North",
    "rank": 10,
  },
  "title": undefined,
  "vetoes": [
    {
      "map": "de_overpass",
      "team": {
        "id": 4494,
        "name": "MOUZ",
        "rank": 5,
      },
      "type": "removed",
    },
    {
      "map": "de_cache",
      "team": {
        "id": 7533,
        "name": "North",
        "rank": 10,
      },
      "type": "removed",
    },
    {
      "map": "de_dust2",
      "team": {
        "id": 4494,
        "name": "MOUZ",
        "rank": 5,
      },
      "type": "picked",
    },
    {
      "map": "de_inferno",
      "team": {
        "id": 7533,
        "name": "North",
        "rank": 10,
      },
      "type": "picked",
    },
    {
      "map": "de_train",
      "team": {
        "id": 4494,
        "name": "MOUZ",
        "rank": 5,
      },
      "type": "removed",
    },
    {
      "map": "de_nuke",
      "team": {
        "id": 7533,
        "name": "North",
        "rank": 10,
      },
      "type": "removed",
    },
    {
      "map": "de_mirage",
      "type": "leftover",
    },
  ],
  "winnerTeam": {
    "id": 7533,
    "name": "North",
    "rank": 10,
  },
}
`;

exports[`getMatch 2`] = `
{
  "date": 1392668100000,
  "demos": [],
  "event": {
    "id": 1315,
    "name": "ESL Pro Series Germany Spring 2014 Cup #1",
  },
  "format": undefined,
  "hasScorebot": false,
  "headToHead": [],
  "highlightedPlayers": undefined,
  "highlights": [],
  "id": 2290099,
  "maps": [
    {
      "name": "de_nuke",
      "result": undefined,
      "statsId": undefined,
    },
  ],
  "odds": [],
  "playerOfTheMatch": undefined,
  "players": {
    "team1": [
      {
        "id": 5794,
        "name": "tabseN",
      },
      {
        "id": 7964,
        "name": "cadiaN",
      },
      {
        "id": 5796,
        "name": "tiziaN",
      },
      {
        "id": 2730,
        "name": "chrisJ",
      },
      {
        "id": 3252,
        "name": "LEGIJA",
      },
    ],
    "team2": [
      {
        "id": 7499,
        "name": "Spiidi",
      },
      {
        "id": 2326,
        "name": "xall",
      },
      {
        "id": 7246,
        "name": "stavros",
      },
      {
        "id": 7208,
        "name": "smn",
      },
      {
        "id": 7214,
        "name": "strux1",
      },
    ],
  },
  "significance": undefined,
  "statsId": undefined,
  "status": "Over",
  "streams": [],
  "team1": {
    "id": 4494,
    "name": "MOUZ",
    "rank": undefined,
  },
  "team2": {
    "id": 4901,
    "name": "3DMAX",
    "rank": undefined,
  },
  "title": undefined,
  "vetoes": [],
  "winnerTeam": {
    "id": 4494,
    "name": "MOUZ",
    "rank": undefined,
  },
}
`;

exports[`getMatch 3`] = `
{
  "date": 1352228400000,
  "demos": [],
  "event": {
    "id": 982,
    "name": "ESL Pro Series Germany Winter Season 2012",
  },
  "format": undefined,
  "hasScorebot": false,
  "headToHead": [],
  "highlightedPlayers": undefined,
  "highlights": [],
  "id": 2186795,
  "maps": [
    {
      "name": "de_nuke",
      "result": undefined,
      "statsId": undefined,
    },
  ],
  "odds": [],
  "playerOfTheMatch": {
    "id": 7226,
    "name": "fl0w",
  },
  "players": {
    "team1": [
      {
        "id": 7224,
        "name": "caLipo",
      },
      {
        "id": 7225,
        "name": "cavy",
      },
      {
        "id": 7226,
        "name": "fl0w",
      },
      {
        "id": 7227,
        "name": "kev1n",
      },
      {
        "id": 7321,
        "name": "TuGuX",
      },
    ],
    "team2": [
      {
        "id": 7209,
        "name": "H1T",
      },
      {
        "id": 7212,
        "name": "miLo",
      },
      {
        "id": 7213,
        "name": "wNe",
      },
      {
        "id": 7258,
        "name": "tomo",
      },
      {
        "id": 7342,
        "name": "constarr",
      },
    ],
  },
  "significance": undefined,
  "statsId": undefined,
  "status": "Over",
  "streams": [],
  "team1": {
    "id": 4498,
    "name": "Red Dead",
    "rank": undefined,
  },
  "team2": {
    "id": 4499,
    "name": "CPLAY",
    "rank": undefined,
  },
  "title": undefined,
  "vetoes": [],
  "winnerTeam": {
    "id": 4498,
    "name": "Red Dead",
    "rank": undefined,
  },
}
`;

exports[`getMatch 4`] = `
{
  "date": 1451157000000,
  "demos": [],
  "event": {
    "id": 2092,
    "name": "StarLadder Regional Minor Championship CIS Closed Qualifier",
  },
  "format": {
    "location": undefined,
    "type": "bo3",
  },
  "hasScorebot": false,
  "headToHead": [],
  "highlightedPlayers": undefined,
  "highlights": [],
  "id": 2300113,
  "maps": [
    {
      "name": "de_cache",
      "result": {
        "halfResults": [
          {
            "team1Rounds": 8,
            "team2Rounds": 7,
          },
          {
            "team1Rounds": 8,
            "team2Rounds": 2,
          },
        ],
        "team1TotalRounds": 16,
        "team2TotalRounds": 9,
      },
      "statsId": undefined,
    },
    {
      "name": "de_mirage",
      "result": {
        "halfResults": [
          {
            "team1Rounds": 6,
            "team2Rounds": 9,
          },
          {
            "team1Rounds": 9,
            "team2Rounds": 6,
          },
          {
            "team1Rounds": 16,
            "team2Rounds": 11,
          },
        ],
        "team1TotalRounds": 31,
        "team2TotalRounds": 26,
      },
      "statsId": undefined,
    },
    {
      "name": "de_inferno",
      "result": undefined,
      "statsId": undefined,
    },
  ],
  "odds": [],
  "playerOfTheMatch": undefined,
  "players": {
    "team1": [
      {
        "id": 737,
        "name": "Fox",
      },
      {
        "id": 3410,
        "name": "ROBO",
      },
      {
        "id": 3499,
        "name": "pixel",
      },
      {
        "id": 9890,
        "name": "hoax",
      },
      {
        "id": 7973,
        "name": "El Patron",
      },
    ],
    "team2": [
      {
        "id": 7404,
        "name": "insom",
      },
      {
        "id": 7793,
        "name": "DSTR",
      },
      {
        "id": 8120,
        "name": "PLAZ",
      },
      {
        "id": 7794,
        "name": "Egor K",
      },
      {
        "id": 7406,
        "name": "latro",
      },
    ],
  },
  "significance": "1/4 final. Winners will secure a spot at the CIS Minor Championship",
  "statsId": undefined,
  "status": "Over",
  "streams": [],
  "team1": {
    "id": 6594,
    "name": "420pm",
    "rank": undefined,
  },
  "team2": {
    "id": 6599,
    "name": "KULAK",
    "rank": undefined,
  },
  "title": undefined,
  "vetoes": [
    {
      "map": "de_train",
      "team": {
        "id": 6599,
        "name": "KULAK",
        "rank": undefined,
      },
      "type": "removed",
    },
    {
      "map": "de_cbble",
      "team": {
        "id": 6594,
        "name": "420pm",
        "rank": undefined,
      },
      "type": "removed",
    },
    {
      "map": "de_cache",
      "team": {
        "id": 6599,
        "name": "KULAK",
        "rank": undefined,
      },
      "type": "picked",
    },
    {
      "map": "de_mirage",
      "team": {
        "id": 6594,
        "name": "420pm",
        "rank": undefined,
      },
      "type": "picked",
    },
    {
      "map": "de_inferno",
      "type": "leftover",
    },
  ],
  "winnerTeam": {
    "id": 6594,
    "name": "420pm",
    "rank": undefined,
  },
}
`;

exports[`getMatch 5`] = `
{
  "date": 1506182400000,
  "demos": [],
  "event": {
    "id": 3057,
    "name": "ECS Season 4 EU Promotion",
  },
  "format": undefined,
  "hasScorebot": false,
  "headToHead": [
    {
      "date": 1495389933000,
      "event": {
        "id": 2792,
        "name": "ESL One Cologne 2017 - Europe Closed Qualifier",
      },
      "map": "nuke",
      "result": "14 - 16",
      "winner": {
        "id": 7175,
        "name": "Heroic",
      },
    },
    {
      "date": 1495389933000,
      "event": {
        "id": 2792,
        "name": "ESL One Cologne 2017 - Europe Closed Qualifier",
      },
      "map": "inf",
      "result": "4 - 16",
      "winner": {
        "id": 7175,
        "name": "Heroic",
      },
    },
  ],
  "highlightedPlayers": undefined,
  "highlights": [],
  "id": 2315069,
  "maps": [],
  "odds": [],
  "playerOfTheMatch": undefined,
  "players": {
    "team1": [
      {
        "id": 629,
        "name": "fox",
      },
      {
        "id": 1485,
        "name": "RUBINO",
      },
      {
        "id": 8248,
        "name": "jkaem",
      },
      {
        "id": 8151,
        "name": "AcilioN",
      },
      {
        "id": 3997,
        "name": "loWel",
      },
    ],
    "team2": [
      {
        "id": 922,
        "name": "Snappi",
      },
      {
        "id": 545,
        "name": "MODDII",
      },
      {
        "id": 8611,
        "name": "es3tag",
      },
      {
        "id": 10264,
        "name": "niko",
      },
      {
        "id": 8783,
        "name": "JUGi",
      },
    ],
  },
  "significance": undefined,
  "statsId": undefined,
  "status": "Deleted",
  "streams": [],
  "team1": {
    "id": 5422,
    "name": "Dignitas",
    "rank": 39,
  },
  "team2": {
    "id": 7175,
    "name": "Heroic",
    "rank": 17,
  },
  "title": undefined,
  "vetoes": [],
  "winnerTeam": undefined,
}
`;

exports[`getMatch 6`] = `
{
  "date": 1615485900000,
  "demos": [
    {
      "link": "/download/demo/62836",
      "name": "GOTV Demo",
    },
    {
      "link": "https://player.twitch.tv/?video=v945431422&autoplay=true&t=36m40s&parent=www.hltv.org",
      "name": "Singularity (Map 1 - Train)",
    },
    {
      "link": "https://player.twitch.tv/?video=v945431422&autoplay=true&t=1h41m55s&parent=www.hltv.org",
      "name": "Singularity (Map 2 - Inferno)",
    },
    {
      "link": "https://player.twitch.tv/?video=v945431422&autoplay=true&t=3h9m15s&parent=www.hltv.org",
      "name": "Singularity (Map 3 - Mirage)",
    },
  ],
  "event": {
    "id": 5701,
    "name": "ESEA Premier Season 36 Europe",
  },
  "format": {
    "location": "Online",
    "type": "bo3",
  },
  "hasScorebot": false,
  "headToHead": [],
  "highlightedPlayers": undefined,
  "highlights": [],
  "id": 2346506,
  "maps": [
    {
      "name": "de_train",
      "result": {
        "halfResults": [
          {
            "team1Rounds": 6,
            "team2Rounds": 9,
          },
          {
            "team1Rounds": 4,
            "team2Rounds": 7,
          },
        ],
        "team1TotalRounds": 10,
        "team2TotalRounds": 16,
      },
      "statsId": 116197,
    },
    {
      "name": "de_inferno",
      "result": {
        "halfResults": [
          {
            "team1Rounds": 4,
            "team2Rounds": 11,
          },
          {
            "team1Rounds": 12,
            "team2Rounds": 2,
          },
        ],
        "team1TotalRounds": 16,
        "team2TotalRounds": 13,
      },
      "statsId": 116206,
    },
    {
      "name": "de_mirage",
      "result": {
        "halfResults": [
          {
            "team1Rounds": 9,
            "team2Rounds": 6,
          },
          {
            "team1Rounds": 7,
            "team2Rounds": 4,
          },
        ],
        "team1TotalRounds": 16,
        "team2TotalRounds": 10,
      },
      "statsId": 116211,
    },
  ],
  "odds": [],
  "playerOfTheMatch": {
    "id": 15385,
    "name": "KalubeR",
  },
  "players": {
    "team1": [
      {
        "id": 8917,
        "name": "niki1",
      },
      {
        "id": 10762,
        "name": "Rock1nG",
      },
      {
        "id": 14380,
        "name": "Patrick",
      },
      {
        "id": 15385,
        "name": "KalubeR",
      },
      {
        "id": 16412,
        "name": "rafftu",
      },
    ],
    "team2": [
      {
        "id": 7414,
        "name": "smF",
      },
      {
        "id": 7965,
        "name": "larsen",
      },
      {
        "id": 9903,
        "name": "notaN",
      },
      {
        "id": 12048,
        "name": "Remoy",
      },
      {
        "id": 16731,
        "name": "IceBerg",
      },
    ],
  },
  "significance": "Group A",
  "statsId": 79738,
  "status": "Over",
  "streams": [
    {
      "link": "https://player.twitch.tv/?video=v945431422&autoplay=true&t=36m40s&parent=www.hltv.org",
      "name": "VOD",
      "viewers": -1,
    },
    {
      "link": "https://player.twitch.tv/?video=v945431422&autoplay=true&t=1h41m55s&parent=www.hltv.org",
      "name": "VOD",
      "viewers": -1,
    },
    {
      "link": "https://player.twitch.tv/?video=v945431422&autoplay=true&t=3h9m15s&parent=www.hltv.org",
      "name": "VOD",
      "viewers": -1,
    },
    {
      "link": "https://player.twitch.tv/?video=v945431422&autoplay=true&t=36m40s&parent=www.hltv.org",
      "name": "VOD",
      "viewers": -1,
    },
    {
      "link": "https://player.twitch.tv/?video=v945431422&autoplay=true&t=1h41m55s&parent=www.hltv.org",
      "name": "VOD",
      "viewers": -1,
    },
    {
      "link": "https://player.twitch.tv/?video=v945431422&autoplay=true&t=3h9m15s&parent=www.hltv.org",
      "name": "VOD",
      "viewers": -1,
    },
    {
      "link": "https://www.hltv.org/download/demo/62836",
      "name": "GOTV",
      "viewers": -1,
    },
  ],
  "team1": {
    "id": 9863,
    "name": "FATE",
    "rank": 140,
  },
  "team2": {
    "id": 6978,
    "name": "Singularity",
    "rank": 88,
  },
  "title": undefined,
  "vetoes": [
    {
      "map": "de_nuke",
      "team": {
        "id": 9863,
        "name": "FATE",
        "rank": 140,
      },
      "type": "removed",
    },
    {
      "map": "de_dust2",
      "team": {
        "id": 6978,
        "name": "Singularity",
        "rank": 88,
      },
      "type": "removed",
    },
    {
      "map": "de_train",
      "team": {
        "id": 9863,
        "name": "FATE",
        "rank": 140,
      },
      "type": "picked",
    },
    {
      "map": "de_inferno",
      "team": {
        "id": 6978,
        "name": "Singularity",
        "rank": 88,
      },
      "type": "picked",
    },
    {
      "map": "de_vertigo",
      "team": {
        "id": 9863,
        "name": "FATE",
        "rank": 140,
      },
      "type": "removed",
    },
    {
      "map": "de_overpass",
      "team": {
        "id": 6978,
        "name": "Singularity",
        "rank": 88,
      },
      "type": "removed",
    },
    {
      "map": "de_mirage",
      "type": "leftover",
    },
  ],
  "winnerTeam": {
    "id": 9863,
    "name": "FATE",
    "rank": 140,
  },
}
`;

exports[`getMatch 7`] = `
{
  "date": 1685952000000,
  "demos": [
    {
      "link": "/download/demo/80335",
      "name": "GOTV Demo",
    },
    {
      "link": "https://player.twitch.tv/?video=v1838239560&autoplay=true&t=18m13s&parent=www.hltv.org",
      "name": "EU Pro League (Map 1 - Nuke)",
    },
    {
      "link": "https://player.twitch.tv/?video=v1838239560&autoplay=true&t=2h10m30s&parent=www.hltv.org",
      "name": "EU Pro League (Map 2 - Mirage)",
    },
  ],
  "event": {
    "id": 7223,
    "name": "European Pro League Season 8",
  },
  "format": {
    "location": "Online",
    "type": "bo3",
  },
  "hasScorebot": false,
  "headToHead": [],
  "highlightedPlayers": undefined,
  "highlights": [],
  "id": 2364892,
  "maps": [
    {
      "name": "de_nuke",
      "result": {
        "halfResults": [
          {
            "team1Rounds": 8,
            "team2Rounds": 7,
          },
          {
            "team1Rounds": 7,
            "team2Rounds": 8,
          },
          {
            "team1Rounds": 7,
            "team2Rounds": 10,
          },
        ],
        "team1TotalRounds": 22,
        "team2TotalRounds": 25,
      },
      "statsId": 158370,
    },
    {
      "name": "de_mirage",
      "result": {
        "halfResults": [
          {
            "team1Rounds": 5,
            "team2Rounds": 10,
          },
          {
            "team1Rounds": 10,
            "team2Rounds": 5,
          },
          {
            "team1Rounds": 2,
            "team2Rounds": 4,
          },
        ],
        "team1TotalRounds": 17,
        "team2TotalRounds": 19,
      },
      "statsId": 158376,
    },
    {
      "name": "de_ancient",
      "result": undefined,
      "statsId": undefined,
    },
  ],
  "odds": [],
  "playerOfTheMatch": {
    "id": 21062,
    "name": "MATYS",
  },
  "players": {
    "team1": [
      {
        "id": 22011,
        "name": "kadziu",
      },
      {
        "id": 11287,
        "name": "darko",
      },
      {
        "id": 20246,
        "name": "gRuChA",
      },
      {
        "id": 21763,
        "name": "ultimate",
      },
      {
        "id": 20637,
        "name": "b1elany",
      },
    ],
    "team2": [
      {
        "id": 22123,
        "name": "T4gg3D",
      },
      {
        "id": 21062,
        "name": "MATYS",
      },
      {
        "id": 14388,
        "name": "The eLiVe",
      },
      {
        "id": 21299,
        "name": "sAvana1",
      },
      {
        "id": 13567,
        "name": "Blogg1s",
      },
    ],
  },
  "significance": "Upper bracket quarter-final",
  "statsId": 97599,
  "status": "Over",
  "streams": [
    {
      "link": "https://player.twitch.tv/?video=v1838239560&autoplay=true&t=18m13s&parent=www.hltv.org",
      "name": "VOD",
      "viewers": -1,
    },
    {
      "link": "https://player.twitch.tv/?video=v1838239560&autoplay=true&t=2h10m30s&parent=www.hltv.org",
      "name": "VOD",
      "viewers": -1,
    },
    {
      "link": "https://player.twitch.tv/?video=v1838239560&autoplay=true&t=18m13s&parent=www.hltv.org",
      "name": "VOD",
      "viewers": -1,
    },
    {
      "link": "https://player.twitch.tv/?video=v1838239560&autoplay=true&t=2h10m30s&parent=www.hltv.org",
      "name": "VOD",
      "viewers": -1,
    },
    {
      "link": "https://www.hltv.org/download/demo/80335",
      "name": "GOTV",
      "viewers": -1,
    },
  ],
  "team1": {
    "id": 10905,
    "name": "PGE Turow",
    "rank": 79,
  },
  "team2": {
    "id": 10695,
    "name": "Sampi",
    "rank": 60,
  },
  "title": undefined,
  "vetoes": [
    {
      "map": "de_overpass",
      "team": {
        "id": 10905,
        "name": "PGE Turow",
        "rank": 79,
      },
      "type": "removed",
    },
    {
      "map": "de_vertigo",
      "team": {
        "id": 10695,
        "name": "Sampi",
        "rank": 60,
      },
      "type": "removed",
    },
    {
      "map": "de_nuke",
      "team": {
        "id": 10905,
        "name": "PGE Turow",
        "rank": 79,
      },
      "type": "picked",
    },
    {
      "map": "de_mirage",
      "team": {
        "id": 10695,
        "name": "Sampi",
        "rank": 60,
      },
      "type": "picked",
    },
    {
      "map": "de_inferno",
      "team": {
        "id": 10905,
        "name": "PGE Turow",
        "rank": 79,
      },
      "type": "removed",
    },
    {
      "map": "de_anubis",
      "team": {
        "id": 10695,
        "name": "Sampi",
        "rank": 60,
      },
      "type": "removed",
    },
    {
      "map": "de_ancient",
      "type": "leftover",
    },
  ],
  "winnerTeam": {
    "id": 10695,
    "name": "Sampi",
    "rank": 60,
  },
}
`;
